// Jest Snapshot v1, https://goo.gl/fbAQLP

exports[`unknown plugin test-CallExpression: test-CallExpression 1`] = `

sum(1,2); 
sum(1,2,3)

      ↓ ↓ ↓ ↓ ↓ ↓

sum([1, 2]);
sum([1, 2, 3]);


`;

exports[`unknown plugin test-FunctionDeclaration: test-FunctionDeclaration 1`] = `

function sum(a, b) {
  return a + b;
}

      ↓ ↓ ↓ ↓ ↓ ↓

function sum(nums) {
  return nums.reduce((sum, next) => sum + next, 0);
}


`;
